// Jest Snapshot v1, https://goo.gl/fbAQLP

exports[`Header.vue renders Header 1 1`] = `
"Home |
    About"
`;

exports[`Header.vue renders Header 2 1`] = `
"Home |
    About"
`;

exports[`Header.vue renders props.msg when passed 1`] = `
"Home |
    About"
`;
